// Jest Snapshot v1, https://goo.gl/fbAQLP

exports[`<App /> should render <LogInRegister /> 1`] = `ShallowWrapper {}`;

exports[`<LogInRegister /> should render <LogInRegister /> 1`] = `ShallowWrapper {}`;
